1	1	0	30
1	2	0	17
1	3	0	16
1	4	0	14
1	1	14	35
1	2	14	59
1	3	14	42
1	4	14	46
1	1	68	3.13699
1	2	68	6.31507
1	3	68	9.79452
1	4	68	12.2192
