1	1	0	68
1	2	0	132
1	1	3	49
1	2	3	102
1	1	11	240
1	2	11	596
1	1	12	338
1	2	12	955
1	1	13	161
1	2	13	496
1	1	14	742
1	2	14	1734
1	1	15	150
1	2	15	504
1	1	18	3
1	2	18	1
1	1	19	0
1	2	19	0
1	1	74	0
1	2	74	0
1	1	76	2.88566
1	2	76	0.941849
1	1	78	297.225
1	2	78	1083.66
